// Jest Snapshot v1, https://goo.gl/fbAQLP

exports[`renders setting page header correctly 1`] = `
<div
  className="src-shared-components-Settings-Header-___styles__Header___2G763"
>
  <div
    className="src-shared-components-Settings-Header-___styles__title___2Pmjv"
  >
    <h1>
      Settings
    </h1>
  </div>
  <nav
    className="src-shared-components-Settings-Header-___styles__tabs___3eOxJ"
  >
    <ul>
      <li>
        <a
          className=""
          onClick={[Function]}
          onKeyPress={[Function]}
          role="link"
          tabIndex={0}
        >
          Profile
        </a>
      </li>
      <li>
        <a
          className=""
          onClick={[Function]}
          onKeyPress={[Function]}
          role="link"
          tabIndex={0}
        >
          Tools
        </a>
      </li>
      <li>
        <a
          className=""
          onClick={[Function]}
          onKeyPress={[Function]}
          role="link"
          tabIndex={0}
        >
          Account
        </a>
      </li>
      <li>
        <a
          className=""
          onClick={[Function]}
          onKeyPress={[Function]}
          role="link"
          tabIndex={0}
        >
          Preferences
        </a>
      </li>
    </ul>
  </nav>
</div>
`;
