// Jest Snapshot v1, https://goo.gl/fbAQLP

exports[`renders achievements correctly 1`] = `
<ThemedModal
  composeAdhocTheme="deeply"
  composeContextTheme="softly"
  mapThemrProps={[Function]}
  onCancel={[Function]}
  theme={
    Object {
      "container": "src-shared-components-ProfilePage-BadgesModal-modal___container___3qOmKl",
    }
  }
  themePriority="adhoc-context-default"
>
  <header
    className="src-shared-components-ProfilePage-BadgesModal-___styles__head___3reSG"
  >
    <div>
      <div>
        
        <span>
          testHandle
        </span>
        <span
          className="src-shared-components-ProfilePage-BadgesModal-___styles__divider___2L-ZD"
        >
           
          //
           
        </span>
        <span
          className="src-shared-components-ProfilePage-BadgesModal-___styles__title___1ajxr"
        >
          BADGES
        </span>
      </div>
    </div>
  </header>
  <aside
    className="src-shared-components-ProfilePage-BadgesModal-___styles__badges___O6dzG"
  >
    <CloseButton
      className="src-shared-components-ProfilePage-BadgesModal-___styles__close-button___wcA14"
      height="36"
      onClick={[Function]}
      viewBox="0 0 36 36"
      width="36"
      xmlns="http://www.w3.org/2000/svg"
    />
    <div
      className="src-shared-components-ProfilePage-BadgesModal-___styles__content___2k-Su"
    >
      <div
        className="src-shared-components-ProfilePage-BadgesModal-___styles__badgeGroups___18Ns6"
      >
        <div
          className="src-shared-components-ProfilePage-BadgesModal-___badges__groupBadge___1jOLf src-shared-components-ProfilePage-BadgesModal-___badges__Forum-Posts___1DqPI"
        >
          <Tooltip
            align={Object {}}
            className="src-shared-components-ProfilePage-BadgesModal-styles___tooltip___2dWqfb"
            content={
              <Popup
                date="2012-02-17T00:00:00.000-05:00"
                name="First Forum Post"
              />
            }
            defaultVisible={false}
            onTooltipHover={[Function]}
            placeArrow={[Function]}
            position="top"
            suppressDiv={true}
            trigger={
              Array [
                "hover",
              ]
            }
          >
            <span
              className="src-shared-components-ProfilePage-BadgesModal-___badges__subBadge___1EGiW src-shared-components-ProfilePage-BadgesModal-___badges__Forum-Posts-1___1VWte src-shared-components-ProfilePage-BadgesModal-___badges__selected___1Yot0"
            />
          </Tooltip>
          <Tooltip
            align={Object {}}
            className="src-shared-components-ProfilePage-BadgesModal-styles___tooltip___2dWqfb"
            content={
              <Popup
                date="2009-06-23T00:00:00.000-04:00"
                name="One Hundred Forum Posts"
              />
            }
            defaultVisible={false}
            onTooltipHover={[Function]}
            placeArrow={[Function]}
            position="top"
            suppressDiv={true}
            trigger={
              Array [
                "hover",
              ]
            }
          >
            <span
              className="src-shared-components-ProfilePage-BadgesModal-___badges__subBadge___1EGiW src-shared-components-ProfilePage-BadgesModal-___badges__Forum-Posts-100___2VADn src-shared-components-ProfilePage-BadgesModal-___badges__selected___1Yot0"
            />
          </Tooltip>
          <Tooltip
            align={Object {}}
            className="src-shared-components-ProfilePage-BadgesModal-styles___tooltip___2dWqfb"
            content={
              <Popup
                date="2012-11-28T00:00:00.000-05:00"
                name="Five Hundred Forum Posts"
              />
            }
            defaultVisible={false}
            onTooltipHover={[Function]}
            placeArrow={[Function]}
            position="top"
            suppressDiv={true}
            trigger={
              Array [
                "hover",
              ]
            }
          >
            <span
              className="src-shared-components-ProfilePage-BadgesModal-___badges__subBadge___1EGiW src-shared-components-ProfilePage-BadgesModal-___badges__Forum-Posts-500___1i8iH src-shared-components-ProfilePage-BadgesModal-___badges__selected___1Yot0"
            />
          </Tooltip>
          <Tooltip
            align={Object {}}
            className="src-shared-components-ProfilePage-BadgesModal-styles___tooltip___2dWqfb"
            content={
              <Popup
                date="2012-04-30T00:00:00.000-04:00"
                name="One Thousand Forum Posts"
              />
            }
            defaultVisible={false}
            onTooltipHover={[Function]}
            placeArrow={[Function]}
            position="top"
            suppressDiv={true}
            trigger={
              Array [
                "hover",
              ]
            }
          >
            <span
              className="src-shared-components-ProfilePage-BadgesModal-___badges__subBadge___1EGiW src-shared-components-ProfilePage-BadgesModal-___badges__Forum-Posts-1000___21LYn src-shared-components-ProfilePage-BadgesModal-___badges__selected___1Yot0"
            />
          </Tooltip>
          <Tooltip
            align={Object {}}
            className="src-shared-components-ProfilePage-BadgesModal-styles___tooltip___2dWqfb"
            content={
              <Popup
                date="2005-01-29T00:00:00.000-05:00"
                name="Five Thousand Forum Posts"
              />
            }
            defaultVisible={false}
            onTooltipHover={[Function]}
            placeArrow={[Function]}
            position="top"
            suppressDiv={true}
            trigger={
              Array [
                "hover",
              ]
            }
          >
            <span
              className="src-shared-components-ProfilePage-BadgesModal-___badges__subBadge___1EGiW src-shared-components-ProfilePage-BadgesModal-___badges__Forum-Posts-5000___146sK src-shared-components-ProfilePage-BadgesModal-___badges__selected___1Yot0"
            />
          </Tooltip>
        </div>
        <div
          className="src-shared-components-ProfilePage-BadgesModal-___badges__groupBadge___1jOLf src-shared-components-ProfilePage-BadgesModal-___badges__Passing-Submissions___3eV9Q"
        >
          <Tooltip
            align={Object {}}
            className="src-shared-components-ProfilePage-BadgesModal-styles___tooltip___2dWqfb"
            content={
              <Popup
                date="2012-09-29T00:00:00.000-04:00"
                name="First Passing Submission"
              />
            }
            defaultVisible={false}
            onTooltipHover={[Function]}
            placeArrow={[Function]}
            position="top"
            suppressDiv={true}
            trigger={
              Array [
                "hover",
              ]
            }
          >
            <span
              className="src-shared-components-ProfilePage-BadgesModal-___badges__subBadge___1EGiW src-shared-components-ProfilePage-BadgesModal-___badges__Passing-Submissions-1___1cuwJ src-shared-components-ProfilePage-BadgesModal-___badges__selected___1Yot0"
            />
          </Tooltip>
          <Tooltip
            align={Object {}}
            className="src-shared-components-ProfilePage-BadgesModal-styles___tooltip___2dWqfb"
            content={
              <Popup
                date=""
                name="Fifty Passing Submissions"
              />
            }
            defaultVisible={false}
            onTooltipHover={[Function]}
            placeArrow={[Function]}
            position="top"
            suppressDiv={true}
            trigger={
              Array [
                "hover",
              ]
            }
          >
            <span
              className="src-shared-components-ProfilePage-BadgesModal-___badges__subBadge___1EGiW src-shared-components-ProfilePage-BadgesModal-___badges__Passing-Submissions-50___qAYFD"
            />
          </Tooltip>
          <Tooltip
            align={Object {}}
            className="src-shared-components-ProfilePage-BadgesModal-styles___tooltip___2dWqfb"
            content={
              <Popup
                date=""
                name="One Hundred Passing Submissions"
              />
            }
            defaultVisible={false}
            onTooltipHover={[Function]}
            placeArrow={[Function]}
            position="top"
            suppressDiv={true}
            trigger={
              Array [
                "hover",
              ]
            }
          >
            <span
              className="src-shared-components-ProfilePage-BadgesModal-___badges__subBadge___1EGiW src-shared-components-ProfilePage-BadgesModal-___badges__Passing-Submissions-100___1FEZG"
            />
          </Tooltip>
          <Tooltip
            align={Object {}}
            className="src-shared-components-ProfilePage-BadgesModal-styles___tooltip___2dWqfb"
            content={
              <Popup
                date=""
                name="Two Hundred And Fifty Passing Submissions"
              />
            }
            defaultVisible={false}
            onTooltipHover={[Function]}
            placeArrow={[Function]}
            position="top"
            suppressDiv={true}
            trigger={
              Array [
                "hover",
              ]
            }
          >
            <span
              className="src-shared-components-ProfilePage-BadgesModal-___badges__subBadge___1EGiW src-shared-components-ProfilePage-BadgesModal-___badges__Passing-Submissions-250___1AiFf"
            />
          </Tooltip>
          <Tooltip
            align={Object {}}
            className="src-shared-components-ProfilePage-BadgesModal-styles___tooltip___2dWqfb"
            content={
              <Popup
                date=""
                name="Five Hundred Passing Submissions"
              />
            }
            defaultVisible={false}
            onTooltipHover={[Function]}
            placeArrow={[Function]}
            position="top"
            suppressDiv={true}
            trigger={
              Array [
                "hover",
              ]
            }
          >
            <span
              className="src-shared-components-ProfilePage-BadgesModal-___badges__subBadge___1EGiW src-shared-components-ProfilePage-BadgesModal-___badges__Passing-Submissions-500___31DIU"
            />
          </Tooltip>
        </div>
      </div>
      <div
        className="src-shared-components-ProfilePage-BadgesModal-___styles__footer-badges___1Duld"
      />
    </div>
  </aside>
</ThemedModal>
`;
