// Jest Snapshot v1, https://goo.gl/fbAQLP

exports[`Matches shallow shapshot 1`] = `
<StaticRouter
  basename=""
  context={Object {}}
  location="/"
>
  <Bucket
    activeBucket=""
    auth={Object {}}
    bucket="all"
    challengeTypes={
      Array [
        Object {
          "abbreviation": "CH",
          "name": "Challenge",
        },
        Object {
          "abbreviation": "F2F",
          "name": "First2Finish",
        },
        Object {
          "abbreviation": "TSK",
          "name": "Task",
        },
        Object {
          "abbreviation": "MM",
          "name": "Marathon Match",
        },
      ]
    }
    challenges={
      Array [
        Object {
          "id": "1",
          "prizes": Array [
            1200,
            600,
          ],
          "status": "b",
          "tags": Array [],
          "totalPrize": 1800,
          "type": "Challenge",
          "users": Object {},
        },
        Object {
          "allPhases": Array [
            Object {
              "phaseStatus": "Open",
              "phaseType": "Registration",
            },
          ],
          "currentPhases": Array [
            "Registration",
          ],
          "events": Array [
            Object {
              "eventName": "Submit",
            },
          ],
          "id": "2",
          "prizes": Array [
            1200,
            600,
          ],
          "status": "a",
          "tags": Array [
            "a",
            "b",
            "c",
          ],
          "technologies": Array [
            "a",
            "b",
            "c",
          ],
          "totalPrize": 1800,
          "track": "Development",
          "type": "Challenge",
          "users": Object {},
        },
      ]
    }
    expand={[MockFunction]}
    expandTag={null}
    expanded={true}
    expandedTags={Array []}
    expanding={false}
    loadMore={[MockFunction]}
    loading={false}
    needLoad={false}
    newChallengeDetails={false}
    openChallengesInNewTabs={false}
    setFilterState={[MockFunction]}
    setSort={[MockFunction]}
    sort=""
    userId=""
  />
</StaticRouter>
`;
