// Jest Snapshot v1, https://goo.gl/fbAQLP

exports[`Matches shallow shapshot 1`] = `
<div>
  <Route
    component={[Function]}
    path="/challenge"
  />
  <Route
    component={[Function]}
    path="/community-challenge-listing"
  />
  <Route
    component={[Function]}
    path="/community-editor"
  />
  <Route
    component={[Function]}
    path="/community-page"
  />
  <Switch>
    <Route
      component={[Function]}
      exact={true}
      path="/"
    />
    <Route
      component={[Function]}
      exact={true}
      path="/examples"
    />
    <Route
      component={[Function]}
      path="/examples"
    />
    <Route
      component={[Function]}
      path="/challenge/:challengeId/my-submissions"
    />
    <Route
      component={[Function]}
      path="/community-challenge-listing/:keyword"
    />
    <Route
      component={[Function]}
      path="/community-editor"
    />
    <Route
      component={[Function]}
      path="/community-page"
    />
    <Route
      component={[Function]}
    />
  </Switch>
  <Route
    component={[Function]}
    path="/challenge"
  />
  <Route
    component={[Function]}
    path="/community-challenge-listing"
  />
  <Route
    component={[Function]}
    path="/community-editor"
  />
  <Route
    component={[Function]}
    path="/community-page"
  />
</div>
`;
