// Jest Snapshot v1, https://goo.gl/fbAQLP

exports[`Matches shapshot 1`] = `
<ContentContainer
  communityId="someId"
  dispatch={[Function]}
  isLoading={false}
  leaderboardApiUrl="some/api/url"
  loadedCommunityId="someId"
  match={
    Object {
      "params": Object {
        "communityId": "someId",
        "history": Object {},
        "location": Object {},
        "pageId": "somePageId",
      },
    }
  }
  pageId="somePageId"
  store={
    Object {
      "dispatch": [Function],
      "getState": [Function],
      "subscribe": [Function],
    }
  }
  storeSubscription={
    Subscription {
      "listeners": Object {
        "notify": [Function],
      },
      "onStateChange": [Function],
      "parentSub": undefined,
      "store": Object {
        "dispatch": [Function],
        "getState": [Function],
        "subscribe": [Function],
      },
      "unsubscribe": null,
    }
  }
/>
`;
