// Jest Snapshot v1, https://goo.gl/fbAQLP

exports[`Matches shapshot 1`] = `
<HeaderContainer
  communityId="someId"
  cssUrl="some/css/url"
  isCommunityNotFound={false}
  isLoading={false}
  isMobileOpen={false}
  loadData={[Function]}
  loadedCommunityId="someId"
  logos={
    Array [
      "some/logo/url",
    ]
  }
  match={
    Object {
      "params": Object {
        "communityId": "someId",
      },
    }
  }
  menuItems={
    Array [
      Object {
        "title": "Menu Item 1",
        "url": "pageId1",
      },
      Object {
        "title": "Menu Item 2",
        "url": "pageId2",
      },
      Object {
        "title": "Menu Item 3",
        "url": "pageId3",
      },
    ]
  }
  mobileToggle={[Function]}
  profile={null}
  store={
    Object {
      "dispatch": [Function],
      "getState": [Function],
      "subscribe": [Function],
    }
  }
  storeSubscription={
    Subscription {
      "listeners": Object {
        "notify": [Function],
      },
      "onStateChange": [Function],
      "parentSub": undefined,
      "store": Object {
        "dispatch": [Function],
        "getState": [Function],
        "subscribe": [Function],
      },
      "unsubscribe": null,
    }
  }
/>
`;
