// Jest Snapshot v1, https://goo.gl/fbAQLP

exports[`Matches shapshot 1`] = `
<Page
  activeTrigger={null}
  closeMenu={[Function]}
  closeMobileMenu={[Function]}
  closeSearch={[Function]}
  communityId="someId"
  history={Object {}}
  isMobileOpen={false}
  loadMetaData={[Function]}
  loadNews={[Function]}
  loadingNews={false}
  location={Object {}}
  match={
    Object {
      "params": Object {
        "communityId": "someId",
        "pageId": "somePageId",
      },
    }
  }
  meta={
    Object {
      "authorizedGroupIds": Array [
        "12345",
      ],
      "communityId": "someId",
      "communitySelector": Array [
        Object {
          "label": "Community Name",
          "value": "1",
        },
      ],
      "cssUrl": "some/css/url",
      "failed": false,
      "isMobileOpen": false,
      "loading": false,
      "logos": Array [
        "some/logo/url",
      ],
      "menuItems": Array [
        Object {
          "title": "Menu Item 1",
          "url": "pageId1",
        },
        Object {
          "title": "Menu Item 2",
          "url": "pageId2",
        },
        Object {
          "title": "Menu Item 3",
          "url": "pageId3",
        },
      ],
      "pageId": "somePageId",
    }
  }
  mobileToggle={[Function]}
  news={null}
  openMenu={[Function]}
  openMobileMenu={[Function]}
  openSearch={[Function]}
  openedMenu={null}
  pageId="somePageId"
  profile={
    Object {
      "groups": Array [
        Object {
          "id": "12345",
        },
      ],
    }
  }
  setCurrentNav={[Function]}
  store={
    Object {
      "dispatch": [Function],
      "getState": [Function],
      "subscribe": [Function],
    }
  }
  storeSubscription={
    Subscription {
      "listeners": Object {
        "notify": [Function],
      },
      "onStateChange": [Function],
      "parentSub": undefined,
      "store": Object {
        "dispatch": [Function],
        "getState": [Function],
        "subscribe": [Function],
      },
      "unsubscribe": null,
    }
  }
/>
`;
