// Jest Snapshot v1, https://goo.gl/fbAQLP

exports[`Matches shallow shapshot 1`] = `
<div
  className="src-shared-components-Dashboard-MyChallenges-___styles__challenges___2Vw3T"
>
  <header>
    <div
      className="src-shared-components-Dashboard-MyChallenges-___styles__section-title___N9E4r"
    >
      <h1
        className="src-shared-components-Dashboard-MyChallenges-___styles__active___2_ruk"
        onClick={[Function]}
      >
        My Challenges
      </h1>
      <h1
        className=""
        onClick={[Function]}
      >
        My Communities
      </h1>
    </div>
    <div
      className="src-shared-components-Dashboard-MyChallenges-___styles__challenge-view-toggle___1YLdw"
    >
      <button
        className="src-shared-components-Dashboard-MyChallenges-___styles__tile___oTOym src-shared-components-Dashboard-MyChallenges-___styles__disabled___2F5Mc"
        onClick={[Function]}
      >
        Grid
      </button>
      <button
        className="src-shared-components-Dashboard-MyChallenges-___styles__list___g5hzn"
        onClick={[Function]}
      >
        List
      </button>
    </div>
  </header>
  <section
    className="src-shared-components-Dashboard-MyChallenges-___styles__hasChallenges___1MsSz"
  >
    <div
      className="src-shared-components-Dashboard-MyChallenges-___styles__challenges___2Vw3T src-shared-components-Dashboard-MyChallenges-___styles__tile-view___1am8R"
    >
      <div
        className="src-shared-components-Dashboard-MyChallenges-___styles__items___1Rv77"
      >
        <ChallengeTile
          challenge={
            Object {
              "groups": Object {
                "2": true,
              },
              "id": "1",
            }
          }
          viewMode="tile"
        />
      </div>
      <div
        className="src-shared-components-Dashboard-MyChallenges-___styles__filter-wrapper___3z8Np"
        id="dashboard-sticky-filter-container"
      >
        <Sticky
          activeClass="active"
          bottomBoundary="#dashboard-sticky-filter-container"
          enableTransforms={true}
          enabled={true}
          onStateChange={null}
          releasedClass="released"
          shouldFreeze={[Function]}
          top={20}
        >
          <ChallengeFilter
            communities={
              Array [
                Object {
                  "communityId": "",
                  "communityName": "All communities",
                  "number": 1,
                },
              ]
            }
            selectCommunity={[Function]}
            selectedCommunityId=""
          />
        </Sticky>
      </div>
    </div>
  </section>
  <div
    className="src-shared-components-Dashboard-MyChallenges-___styles__my-challenges-links___rJaly"
  >
    <a
      href="https://www.topcoder-dev.com/my-challenges/?status=completed"
    >
      Past Challenges
    </a>
  </div>
</div>
`;
