// Jest Snapshot v1, https://goo.gl/fbAQLP

exports[`renders badge modal popup correctly 1`] = `
<div
  className="src-shared-components-ProfilePage-BadgesModal-Popup-___styles__container___3-LDr"
>
  <div
    className="src-shared-components-ProfilePage-BadgesModal-Popup-___styles__name___1k-j_"
  >
    SRM Engagement Honor
  </div>
  <div
    className="src-shared-components-ProfilePage-BadgesModal-Popup-___styles__date___3Uanv"
  >
    Earned on Sep 18, 2017
  </div>
</div>
`;
