// Jest Snapshot v1, https://goo.gl/fbAQLP

exports[`renders correctly 1`] = `
<div
  className="src-shared-components-LoadingIndicator-___styles__root___3fi9o"
>
  <img
    alt="Loading data"
    src="https://raw.githubusercontent.com/appirio-tech/topcoder-app/dev/assets/images/ripple.gif"
  />
</div>
`;
