// Jest Snapshot v1, https://goo.gl/fbAQLP

exports[`Matches shallow shapshot 1`] = `
<div
  className="src-shared-components-SortingSelectBar-___style__sortingBar___3Y903"
>
  <h1
    className="src-shared-components-SortingSelectBar-___style__title___2CIq3"
  >
    title
  </h1>
  <div
    className="src-shared-components-SortingSelectBar-___style__view-options-toggle-container___17g9U"
  >
    <p
      className="src-shared-components-SortingSelectBar-___style__view-options-toggle-container-label___2CmVT"
    >
      Sort by:
    </p>
    <Select
      arrowRenderer={[Function]}
      autosize={true}
      backspaceRemoves={true}
      backspaceToRemoveMessage="Press backspace to remove {label}"
      clearAllText="Clear all"
      clearRenderer={[Function]}
      clearValueText="Clear value"
      clearable={false}
      closeOnSelect={true}
      deleteRemoves={true}
      delimiter=","
      disabled={false}
      escapeClearsValue={true}
      filterOptions={[Function]}
      ignoreAccents={true}
      ignoreCase={true}
      inputProps={Object {}}
      isLoading={false}
      joinValues={false}
      labelKey="label"
      matchPos="any"
      matchProp="any"
      menuBuffer={0}
      menuRenderer={[Function]}
      multi={false}
      noResultsText="No results found"
      onBlurResetsInput={true}
      onChange={[Function]}
      onCloseResetsInput={true}
      onSelectResetsInput={true}
      openOnClick={true}
      optionComponent={[Function]}
      options={
        Array [
          Object {
            "label": "label",
            "value": "value",
          },
        ]
      }
      pageSize={5}
      placeholder="Select an option"
      removeSelected={true}
      required={false}
      rtl={false}
      scrollMenuIntoView={true}
      searchable={false}
      simpleValue={false}
      tabSelectsValue={true}
      trimFilter={true}
      value={null}
      valueComponent={[Function]}
      valueKey="value"
    />
  </div>
</div>
`;

exports[`Matches shallow shapshot 2`] = `
<div
  className="src-shared-components-SortingSelectBar-___style__sortingBar___3Y903"
>
  <h1
    className="src-shared-components-SortingSelectBar-___style__title___2CIq3"
  >
    title
  </h1>
</div>
`;
