// Jest Snapshot v1, https://goo.gl/fbAQLP

exports[`renders an external link correctly 1`] = `
<a
  className="src-shared-components-ProfilePage-ExternalLink-___styles__container___Xthm3"
  href="#"
  rel="noopener noreferrer"
  target="_blank"
>
  <div
    className="src-shared-components-ProfilePage-ExternalLink-___styles__top___skXTt"
  >
    <div
      className="src-shared-components-ProfilePage-ExternalLink-___styles__logo___29FBp"
    >
      <GithubIcon
        height="40"
        viewBox="0 0 40 40"
        width="40"
        xmlns="http://www.w3.org/2000/svg"
        xmlnsXlink="http://www.w3.org/1999/xlink"
      />
    </div>
    <h2>
      Github
    </h2>
  </div>
  <div
    className="src-shared-components-ProfilePage-ExternalLink-___styles__bottom___1cSGQ"
  >
    <div>
      <div
        className="src-shared-components-ProfilePage-ExternalLink-___styles__handle___27pIh"
      >
        testHandle
      </div>
      <ul>
        <li>
          <div
            className="src-shared-components-ProfilePage-ExternalLink-___styles__value___yDnl5"
          >
            20
          </div>
          <div
            className="src-shared-components-ProfilePage-ExternalLink-___styles__key___1lnE0"
          >
            followers
          </div>
        </li>
        <li>
          <div
            className="src-shared-components-ProfilePage-ExternalLink-___styles__value___yDnl5"
          >
            42
          </div>
          <div
            className="src-shared-components-ProfilePage-ExternalLink-___styles__key___1lnE0"
          >
            repositories
          </div>
        </li>
      </ul>
    </div>
  </div>
</a>
`;
