// Jest Snapshot v1, https://goo.gl/fbAQLP

exports[`Matches shallow shapshot 1`] = `
<div
  className="src-shared-components-Dashboard-Header-___styles__container___vzvd1"
>
  <h1
    className="src-shared-components-Dashboard-Header-___styles__title___2XTzf"
  >
    Dashboard
  </h1>
  <div
    className="src-shared-components-Dashboard-Header-___styles__badges___2qC1R"
  />
</div>
`;
