// Jest Snapshot v1, https://goo.gl/fbAQLP

exports[`renders account setting page correctly 1`] = `
<div
  className="src-shared-components-Settings-Account-___styles__account-container___2rdYG"
>
  <div
    className="src-shared-components-Settings-Account-___styles__col-bar___3MCVp"
  >
    <SideBar
      icons={Object {}}
      names={
        Array [
          "my account",
          "linked account",
        ]
      }
    />
  </div>
  <div
    className="src-shared-components-Settings-Account-___styles__col-content___1gt_Z"
  >
    <Unknown />
  </div>
</div>
`;
