// Jest Snapshot v1, https://goo.gl/fbAQLP

exports[`renders email preferences setting page correctly 1`] = `
<div
  className="src-shared-components-Settings-Preferences-Email-___styles__EmailPreferences___2FUGT"
>
  <h1
    className="src-shared-components-Settings-Preferences-Email-___styles__title___1q6eb"
  >
    E-Mail Preferences
  </h1>
  <div
    className="src-shared-components-Settings-Preferences-Email-___styles__unsubscribed-msg___3yh6s"
  >
    <h3>
      You have unsubscribed from Topcoder Emails
    </h3>
    <p>
      If this was a mistake or if you would like to resubscribe, please click the button below and fill out the form.
    </p>
    <ThemedButton
      active={false}
      composeAdhocTheme="deeply"
      composeContextTheme="softly"
      disabled={false}
      enforceA={false}
      mapThemrProps={[Function]}
      onClick={[Function]}
      onMouseDown={null}
      openNewTab={false}
      replace={false}
      size={null}
      themePriority="adhoc-context-default"
      to={null}
      type="button"
    >
      Resubscribe
    </ThemedButton>
  </div>
</div>
`;
