// Jest Snapshot v1, https://goo.gl/fbAQLP

exports[`renders email preferences setting page correctly 1`] = `
<div
  className="src-shared-components-Settings-Preferences-Email-___styles__EmailPreferences___2FUGT"
>
  <h1
    className="src-shared-components-Settings-Preferences-Email-___styles__title___1q6eb"
  >
    E-Mail Preferences
  </h1>
  <div
    className="src-shared-components-Settings-Preferences-Email-___styles__sub-title___2Fh1W"
  >
    Newsletters
  </div>
  <div
    className="src-shared-components-Settings-Preferences-Email-___styles__preferences-container___38AVF"
  >
    <ToggleableItem
      id="9f950b43a1"
      onToggle={[Function]}
      primaryText="Challenge Pipeline"
      secondaryText="Subscribe to this newsletter if you want to get updates on the types of challenges coming up in the future. To view these challenges at your leisure you can always visit the <a href=\\"https://www.topcoder.com/community/pipeline\\" style=\\"color:#0d61bf;text-decoration:underline\\">Challenge Pipeline</a> page."
      value="9f950b43a1"
    />
    <ToggleableItem
      id="d0c48e9da3"
      onToggle={[Function]}
      primaryText="Gig Work"
      secondaryText="This newsletter gets sent out at various times, specifically when we have an opportunity of mass appeal. For more information you can visit the <a href=\\"https://www.topcoder.com/community/taas\\" style=\\"color:#0d61bf;text-decoration:underline\\">Gig Work</a> page."
      value="d0c48e9da3"
    />
    <ToggleableItem
      id="a8f858cdf1"
      onToggle={[Function]}
      primaryText="Monthly Newsletter"
      secondaryText="This newsletter gets sent out at the end of every month and contains a variety of important information across all of our tracks."
      value="a8f858cdf1"
    />
    <ToggleableItem
      id="5e67dba327"
      onToggle={[Function]}
      primaryText="Marathon Match Reminders"
      secondaryText="Receive updates whenever a new marathon match is scheduled."
      value="5e67dba327"
    />
    <ToggleableItem
      id="9091b438cc"
      onToggle={[Function]}
      primaryText="Single Round Match (SRM) Reminders"
      secondaryText="Attention Competitive Programmers! If there is any newsletter you are subscribing too, it better be this one. Receive updates when a new SRM event is scheduled."
      value="9091b438cc"
    />
    <ToggleableItem
      id="603c900c32"
      onToggle={[Function]}
      primaryText="TCO Newsletter"
      secondaryText="For all the latest updates surrounding the <a href=\\"https://www.topcoder.com/community/member-programs/topcoder-open\\" style=\\"color:#0d61bf;text-decoration:underline\\">Topcoder Open</a> you should definitely be subscribing to this one. Expect an update in your mailbox every Tuesday!"
      value="603c900c32"
    />
    <ToggleableItem
      id="3460574ddd"
      onToggle={[Function]}
      primaryText="Rapid Development Match (RDM) Reminders"
      secondaryText="Receive notifications of our brand new RDMs! These rated, development matches will be a fun new way to engage with us!"
      value="3460574ddd"
    />
  </div>
  <div
    className="src-shared-components-Settings-Preferences-Email-___styles__sub-title-2___1GflT"
  >
    Programs
  </div>
  <div
    className="src-shared-components-Settings-Preferences-Email-___styles__preferences-container___38AVF"
  />
</div>
`;
