// Jest Snapshot v1, https://goo.gl/fbAQLP

exports[`Matches shallow shapshot 1`] = `
<div
  className="src-shared-components-Leaderboard-Podium-themes-___default__Podium___1qIZm"
>
  <div
    className="src-shared-components-Leaderboard-Podium-themes-___default__PodiumWrapCondense___3aV24"
    style={
      Object {
        "justify-content": "space-between",
      }
    }
  >
    <div
      className="src-shared-components-Leaderboard-Podium-themes-___default__podium-column___2Zi0Z"
    >
      <PodiumSpot
        competitor={
          Object {
            "challenge_stats.count": 99999,
            "challenge_stats.winner_handle": "overachieving.mofo",
            "photourl": "some.fake.string",
            "points": 9999999999,
            "rank": 1,
          }
        }
        isAlgo={false}
        isCopilot={false}
        isTopGear={false}
        onUsernameClick={null}
        podiumPlaces={4}
        themeName="Default"
      />
    </div>
    <div
      className="src-shared-components-Leaderboard-Podium-themes-___default__podium-column___2Zi0Z"
    >
      <PodiumSpot
        competitor={
          Object {
            "challenge_stats.count": 99999,
            "challenge_stats.winner_handle": "overachieving.mofo",
            "photourl": "some.fake.string",
            "points": 9999999999,
            "rank": 1,
          }
        }
        isAlgo={false}
        isCopilot={false}
        isTopGear={false}
        onUsernameClick={null}
        podiumPlaces={4}
        themeName="Default"
      />
    </div>
    <div
      className="src-shared-components-Leaderboard-Podium-themes-___default__podium-column___2Zi0Z"
    >
      <PodiumSpot
        competitor={
          Object {
            "challenge_stats.count": 99999,
            "challenge_stats.winner_handle": "overachieving.mofo",
            "photourl": "some.fake.string",
            "points": 9999999999,
            "rank": 1,
          }
        }
        isAlgo={false}
        isCopilot={false}
        isTopGear={false}
        onUsernameClick={null}
        podiumPlaces={4}
        themeName="Default"
      />
    </div>
    <div
      className="src-shared-components-Leaderboard-Podium-themes-___default__podium-column___2Zi0Z"
    >
      <PodiumSpot
        competitor={
          Object {
            "challenge_stats.count": 99999,
            "challenge_stats.winner_handle": "overachieving.mofo",
            "photourl": "some.fake.string",
            "points": 9999999999,
            "rank": 1,
          }
        }
        isAlgo={false}
        isCopilot={false}
        isTopGear={false}
        onUsernameClick={null}
        podiumPlaces={4}
        themeName="Default"
      />
    </div>
  </div>
</div>
`;

exports[`Matches shallow shapshot 2`] = `
<div
  className="src-shared-components-Leaderboard-Podium-themes-___default__Podium___1qIZm"
>
  <div
    className="src-shared-components-Leaderboard-Podium-themes-___default__PodiumWrap___2hDWP"
    style={Object {}}
  />
</div>
`;
