// Jest Snapshot v1, https://goo.gl/fbAQLP

exports[`Matches shapshot 1`] = `
<SubmissionManagementPageContainer
  authTokens={
    Object {
      "tokenV3": "Token V3",
    }
  }
  challenge={
    Object {
      "track": "Track",
    }
  }
  challengeId={12345}
  challengesUrl="/challenges"
  deleting={true}
  isLoadingChallenge={false}
  isLoadingSubmissions={false}
  loadChallengeDetails={[Function]}
  loadMySubmissions={[Function]}
  match={
    Object {
      "params": Object {
        "challengeId": 12345,
      },
    }
  }
  mySubmissions={
    Array [
      Object {
        "submissionId": 12345,
      },
    ]
  }
  onCancelSubmissionDelete={[Function]}
  onDownloadSubmission={[Function]}
  onShowDetails={[Function]}
  onSubmissionDelete={[Function]}
  onSubmissionDeleteConfirmed={[Function]}
  showDetails={Set {}}
  showModal={true}
  store={
    Object {
      "dispatch": [Function],
      "getState": [Function],
      "subscribe": [Function],
    }
  }
  storeSubscription={
    Subscription {
      "listeners": Object {
        "notify": [Function],
      },
      "onStateChange": [Function],
      "parentSub": undefined,
      "store": Object {
        "dispatch": [Function],
        "getState": [Function],
        "subscribe": [Function],
      },
      "unsubscribe": null,
    }
  }
  toBeDeletedId={12345}
/>
`;
