// Jest Snapshot v1, https://goo.gl/fbAQLP

exports[`renders existing link of profile setting page correctly 1`] = `
<div
  className="src-shared-components-Settings-Profile-ExternalLinks-___styles__external-link-tile___vCAyi"
  onClick={[Function]}
  role="link"
>
  <div
    className="src-shared-components-Settings-Profile-ExternalLinks-___styles__top___38xjo"
  >
    <div
      className="src-shared-components-Settings-Profile-ExternalLinks-___styles__ext-link-tile_edit-header___1WvSq"
    >
      <div
        className="src-shared-components-Settings-Profile-ExternalLinks-___styles__ext-link-tile_edit-header_delete___3ffrN"
        onClick={[Function]}
        prevent-event-propagation="true"
        role="button"
      />
    </div>
    <div
      className="src-shared-components-Settings-Profile-ExternalLinks-___styles__logo___2Ijq7"
    >
      <i
        className="fa fa-globe src-shared-components-Settings-Profile-ExternalLinks-___styles__fa-globe___2OmT8"
      />
    </div>
    <h2>
      weblink
    </h2>
  </div>
  <div
    className="src-shared-components-Settings-Profile-ExternalLinks-___styles__bottom___3udfJ"
  >
    <div>
      <p
        className="src-shared-components-Settings-Profile-ExternalLinks-___styles__link-title___2olyR"
        data-ellipsis=""
      />
      <p
        className="hidden src-shared-components-Settings-Profile-ExternalLinks-___styles__link-title___2olyR"
      >
        Loading data. This will take a few minutes.
      </p>
      <a
        className="src-shared-components-Settings-Profile-ExternalLinks-___styles__link-url___2Gjgx"
        href="http://www.google.com"
        id="link-url"
        prevent-event-propagation="true"
        rel="noopener noreferrer"
        target="_blank"
      >
        http://www.google.com
      </a>
    </div>
  </div>
</div>
`;
