// Jest Snapshot v1, https://goo.gl/fbAQLP

exports[`Snapshot match 1`] = `
<div>
  <withRouter(Connect(Routes)) />
  <Connect(ErrorMessageContainer) />
  <Connect(ErrorIconsContainer) />
  <ToastContainer
    autoClose={5000}
    bodyClassName={null}
    className={null}
    closeButton={
      <CloseButton
        ariaLabel="close"
      />
    }
    closeOnClick={true}
    draggable={false}
    draggablePercent={80}
    hideProgressBar={true}
    newestOnTop={false}
    pauseOnHover={true}
    pauseOnVisibilityChange={true}
    position="top-center"
    progressClassName={null}
    rtl={false}
    style={null}
    toastClassName={null}
    transition={[Function]}
  />
</div>
`;

exports[`Snapshot match 2`] = `
<div>
  <withRouter(Connect(Routes)) />
  <Connect(ErrorMessageContainer) />
  <Connect(ErrorIconsContainer) />
  <ToastContainer
    autoClose={5000}
    bodyClassName={null}
    className={null}
    closeButton={
      <CloseButton
        ariaLabel="close"
      />
    }
    closeOnClick={true}
    draggable={false}
    draggablePercent={80}
    hideProgressBar={true}
    newestOnTop={false}
    pauseOnHover={true}
    pauseOnVisibilityChange={true}
    position="top-center"
    progressClassName={null}
    rtl={false}
    style={null}
    toastClassName={null}
    transition={[Function]}
  />
</div>
`;
