// Jest Snapshot v1, https://goo.gl/fbAQLP

exports[`renders a skill correctly 1`] = `
<div
  className="src-shared-components-ProfilePage-Skill-___styles__container___bW089"
>
  <div
    className="src-shared-components-ProfilePage-Skill-___styles__skill-icon___1-d49"
  >
    <FallbackIcon
      height="64"
      viewBox="0 0 64 64"
      width="64"
      xmlns="http://www.w3.org/2000/svg"
    />
  </div>
  <div
    className="src-shared-components-ProfilePage-Skill-___styles__name-wrapper___2hnPT"
  >
    <div
      className="src-shared-components-ProfilePage-Skill-___styles__name___31cKG"
    >
      Test Skill
    </div>
    <div
      className="src-shared-components-ProfilePage-Skill-___styles__verified-badge____BoiH"
    >
      <VerifiedBadgeIcon
        height="14"
        viewBox="0 0 14 14"
        width="14"
        xmlns="http://www.w3.org/2000/svg"
      />
    </div>
  </div>
</div>
`;
