// Jest Snapshot v1, https://goo.gl/fbAQLP

exports[`Snapshot match 1`] = `
<main>
  <ThemedBanner
    composeTheme="deeply"
    imageSrc="/themes/wipro2/home/banner.jpg"
    link={
      Object {
        "title": "Compete Now",
        "url": "/community/wipro2/home",
      }
    }
    mapThemrProps={[Function]}
    text="You’re eager to get started, and we have a bunch of iOS/Swift challenges lined up to give you new opportunities to earn cash. We also have an exclusive iOS badging program to prove your app design and development expertise, so dive in and start competing!"
    theme={Object {}}
    title="iOS"
  />
  <ThemedSection
    composeTheme="deeply"
    link={null}
    mapThemrProps={[Function]}
    theme={
      Object {
        "container": "src-shared-components-tc-communities-communities-wipro2-Home-___style__statsContainer___DFJwD",
        "content": "src-shared-components-tc-communities-communities-wipro2-Home-___style__statsContent___veytS",
      }
    }
    title={null}
  >
    <ThemedIconStat
      composeTheme="deeply"
      icon={[Function]}
      label="Projects"
      mapThemrProps={[Function]}
      number="5"
      theme={Object {}}
    />
    <ThemedIconStat
      composeTheme="deeply"
      icon={[Function]}
      label="Challenges"
      mapThemrProps={[Function]}
      number="12"
      theme={Object {}}
    />
    <ThemedIconStat
      composeTheme="deeply"
      icon={[Function]}
      label="Members"
      mapThemrProps={[Function]}
      number="347"
      theme={Object {}}
    />
    <ThemedIconStat
      composeTheme="deeply"
      icon={[Function]}
      label="Prizes"
      mapThemrProps={[Function]}
      number="$10K"
      theme={Object {}}
    />
  </ThemedSection>
  <ThemedSection
    composeTheme="deeply"
    link={null}
    mapThemrProps={[Function]}
    theme={
      Object {
        "container": "src-shared-components-tc-communities-communities-wipro2-Home-___style__linksContainer___1AmgK",
      }
    }
    title={null}
  >
    <div>
      <ThemedImageText
        composeTheme="deeply"
        imageSrc="/themes/wipro2/home/image-text-learn.jpg"
        link={
          Object {
            "title": "Start Learning",
            "url": "/community/wipro2/home",
          }
        }
        mapThemrProps={[Function]}
        text="You can learn and get certified donec facilisis tortor ut augue lacinia, at viverra est semper. Sed sapien metus, scelerisque nec pharetra id, tempor a tortor. Pellentesque non dignissim neque. Ut porta viverra est, ut dignissim elit"
        theme={Object {}}
        title="Learn"
      />
      <ThemedImageText
        composeTheme="deeply"
        imageSrc="/themes/wipro2/home/image-text-do.jpg"
        link={
          Object {
            "title": "Start Learning",
            "url": "/community/wipro2/home",
          }
        }
        mapThemrProps={[Function]}
        text="Jump into challenges and start competing sed sapien metus, scelerisque nec pharetra id, tempor a tortor. Pellentesque non dignissim neque. Nunc vel rhoncus nibh, ut tincidunt turpis."
        theme={Object {}}
        title="Do Work"
      />
    </div>
  </ThemedSection>
  <ThemedSection
    composeTheme="deeply"
    link={null}
    mapThemrProps={[Function]}
    theme={
      Object {
        "container": "src-shared-components-tc-communities-communities-wipro2-Home-___style__resourcesContainer___xpgU3",
      }
    }
    title={null}
  >
    <ThemedResourceCard
      composeTheme="deeply"
      icon={[Function]}
      link={
        Object {
          "title": "Browse resources",
          "url": "/community/wipro2/home",
        }
      }
      mapThemrProps={[Function]}
      text="Pellentesque non dignissim neque. Nunc vel rhoncus nibh, ut tincidunt turpis. Integer ac enim pellentesque, adipiscing metus id, pharetra odio."
      theme={Object {}}
      title="Up Your iOS and Swift Development Skills"
    />
    <ThemedResourceCard
      composeTheme="deeply"
      icon={[Function]}
      link={
        Object {
          "title": "Learn about badges",
          "url": "/community/wipro2/home",
        }
      }
      mapThemrProps={[Function]}
      text="Donec bibendum nunc sit amet tortor scelerisque luctus et sit amet mauris. Suspendisse felis sem, condimentum ullamcorper est sit amet, molestie"
      theme={Object {}}
      title="Take the First Steps to Stand Out in the Community"
    />
    <ThemedResourceCard
      composeTheme="deeply"
      icon={[Function]}
      link={
        Object {
          "title": "Browse challenges",
          "url": "/community/wipro2/home",
        }
      }
      mapThemrProps={[Function]}
      text="Suspendisse felis sem, condimentum ullamcorper est sit amet, molestie mollis nulla. Etiam lorem orci, consequat ac magna quis, facilisis"
      theme={Object {}}
      title="Compete in Challenges and Win Cash"
    />
  </ThemedSection>
  <ThemedSection
    composeTheme="deeply"
    link={null}
    mapThemrProps={[Function]}
    theme={Object {}}
    title="Latest News"
  >
    <ThemedArticleCard
      composeTheme="deeply"
      imageSrc="/themes/wipro2/home/news-01.jpg"
      link={
        Object {
          "title": "Read More",
          "url": "/community/wipro2/home",
        }
      }
      mapThemrProps={[Function]}
      text="There are advances being made in science and technology everyday, and a good example of this is the LCD monitor. LCD monitors have"
      theme={Object {}}
      title="How Does An IOS 10 LCD Work"
    />
    <ThemedArticleCard
      composeTheme="deeply"
      imageSrc="/themes/wipro2/home/news-02.jpg"
      link={
        Object {
          "title": "Read More",
          "url": "/community/wipro2/home",
        }
      }
      mapThemrProps={[Function]}
      text="HDMI, or high definition multimedia interface, is a type of audio and video interface that is used for the transmission of uncompressed"
      theme={Object {}}
      title="Video Games Playing With Imagination"
    />
    <ThemedArticleCard
      composeTheme="deeply"
      imageSrc="/themes/wipro2/home/news-03.jpg"
      link={
        Object {
          "title": "Read More",
          "url": "/community/wipro2/home",
        }
      }
      mapThemrProps={[Function]}
      text="If you are in the market for a computer, there are a number of factors to consider. Will it be used for your home, your office or"
      theme={Object {}}
      title="Myspace Layouts The Missing Element"
    />
  </ThemedSection>
  <ThemedNewsletterSignup
    buttonText="Sing Up"
    composeTheme="deeply"
    emailPlaceholder="Email address"
    imageSrc="/themes/wipro2/subscribe-bg.jpg"
    mapThemrProps={[Function]}
    text="Don’t miss out on the latest Topcoder IOS challenges and information!"
    theme={Object {}}
    title="Sign up for our newsletter"
  />
</main>
`;
