// Jest Snapshot v1, https://goo.gl/fbAQLP

exports[`Matches shallow shapshot 1`] = `
<div
  className="src-shared-components-challenge-listing-Sidebar-Footer-___style__sidebar-footer___3pKhJ"
>
  <ul>
    <li>
      <a
        aria-label="About"
        href="https://www.topcoder-dev.com/about"
        tabIndex="0"
      >
        About
      </a>
       • 
    </li>
    <li>
      <a
        aria-label="Contact"
        href="https://help.topcoder-dev.com/hc/en-us/articles/219069687-Contact-Support"
        tabIndex="0"
      >
        Contact
      </a>
       • 
    </li>
    <li>
      <a
        aria-label="Help"
        href="https://help.topcoder-dev.com"
        tabIndex="0"
      >
        Help
      </a>
       • 
    </li>
    <li>
      <a
        aria-label="Privacy"
        href="https://www.topcoder-dev.com/community/how-it-works/privacy-policy/"
        tabIndex="0"
      >
        Privacy
      </a>
       • 
    </li>
    <li>
      <a
        aria-label="Terms"
        href="https://www.topcoder-dev.com/community/how-it-works/terms/"
        tabIndex="0"
      >
        Terms
      </a>
    </li>
  </ul>
  <p
    className="src-shared-components-challenge-listing-Sidebar-Footer-___style__copyright___ghkHg"
  >
    Topcoder ©
    2019
  </p>
</div>
`;
