// Jest Snapshot v1, https://goo.gl/fbAQLP

exports[`Matches shallow shapshot 1`] = `
<div
  className="src-shared-components-challenge-listing-Sidebar-Footer-___style__sidebar-footer___3pKhJ"
>
  <ul>
    <li>
      <a
        aria-label="About"
        onClick={[Function]}
        onKeyPress={[Function]}
        role="link"
        tabIndex="0"
      >
        About
      </a>
       • 
    </li>
    <li>
      <a
        aria-label="Contact"
        onClick={[Function]}
        onKeyPress={[Function]}
        role="link"
        tabIndex="0"
      >
        Contact
      </a>
       • 
    </li>
    <li>
      <a
        aria-label="Help"
        onClick={[Function]}
        onKeyPress={[Function]}
        role="link"
        tabIndex="0"
      >
        Help
      </a>
       • 
    </li>
    <li>
      <a
        aria-label="Privacy"
        onClick={[Function]}
        onKeyPress={[Function]}
        role="link"
        tabIndex="0"
      >
        Privacy
      </a>
       • 
    </li>
    <li>
      <a
        aria-label="Terms"
        onClick={[Function]}
        onKeyPress={[Function]}
        role="link"
        tabIndex="0"
      >
        Terms
      </a>
    </li>
  </ul>
  <p
    className="src-shared-components-challenge-listing-Sidebar-Footer-___style__copyright___ghkHg"
  >
    Topcoder ©
    2025
  </p>
</div>
`;
