// Jest Snapshot v1, https://goo.gl/fbAQLP

exports[`Matches shallow shapshot 1`] = `
<div
  className="src-shared-components-challenge-listing-Sidebar-___style__SideBarFilters___3XfDi"
>
  <div
    className="src-shared-components-challenge-listing-Sidebar-___style__FilterBox___2Fea8"
  >
    <BucketSelector
      activeBucket="activeBucket"
      activeSavedFilter={3}
      buckets={Object {}}
      challenges={
        Array [
          Object {
            "id": "1",
            "registrationOpen": "open",
          },
        ]
      }
      communityFilter={Object {}}
      disabled={false}
      extraBucket={null}
      filterState={Object {}}
      isAuth={false}
      loadMoreChallenges={null}
      savedFilters={Array []}
      selectBucket={[MockFunction]}
      selectSavedFilter={[MockFunction]}
      setEditSavedFiltersMode={[MockFunction]}
    />
  </div>
  <Footer
    hideTcLinksInFooter={false}
  />
</div>
`;

exports[`Matches shallow shapshot 2`] = `
<div
  className="src-shared-components-challenge-listing-Sidebar-___style__SideBarFilters___3XfDi"
>
  <div
    className="src-shared-components-challenge-listing-Sidebar-___style__FilterBox___2Fea8"
  >
    <FiltersEditor
      changeFilterName={[MockFunction]}
      deleteSavedFilter={[MockFunction]}
      dragSavedFilterMove={[MockFunction]}
      dragSavedFilterStart={[MockFunction]}
      dragState={Object {}}
      resetFilterName={[MockFunction]}
      savedFilters={Array []}
      setEditSavedFiltersMode={[MockFunction]}
      updateAllSavedFilters={[MockFunction]}
      updateSavedFilter={[MockFunction]}
    />
  </div>
  <Footer
    hideTcLinksInFooter={false}
  />
</div>
`;
