// Jest Snapshot v1, https://goo.gl/fbAQLP

exports[`Matches shallow shapshot 1`] = `
<div
  className="src-shared-components-challenge-listing-Sidebar-___style__SideBarFilters___3XfDi"
>
  <div
    className="src-shared-components-challenge-listing-Sidebar-___style__buttons___1im2_"
  >
    <Button
      composeContextTheme="softly"
      disabled={false}
      isInverted={false}
      isPrimary={false}
      onClick={[Function]}
      theme={
        Object {
          "button": undefined,
        }
      }
      themePriority="adhoc-default-context"
    >
      RESET FILTERS
    </Button>
  </div>
  <div
    className="src-shared-components-challenge-listing-Sidebar-___style__FilterBox___2Fea8"
  >
    <Connect(Container) />
    <BucketSelector
      activeBucket="activeBucket"
      disabled={false}
      expanding={false}
      isAuth={false}
      past={false}
      selectBucket={[MockFunction]}
    />
  </div>
  <hr
    className="src-shared-components-challenge-listing-Sidebar-___style__hr___2GEB7"
  />
</div>
`;

exports[`Matches shallow shapshot 2`] = `
<div
  className="src-shared-components-challenge-listing-Sidebar-___style__SideBarFilters___3XfDi"
>
  <div
    className="src-shared-components-challenge-listing-Sidebar-___style__buttons___1im2_"
  >
    <Button
      composeContextTheme="softly"
      disabled={false}
      isInverted={false}
      isPrimary={false}
      onClick={[Function]}
      theme={
        Object {
          "button": undefined,
        }
      }
      themePriority="adhoc-default-context"
    >
      RESET FILTERS
    </Button>
  </div>
  <div
    className="src-shared-components-challenge-listing-Sidebar-___style__FilterBox___2Fea8"
  >
    <Connect(Container) />
    <BucketSelector
      activeBucket="activeBucket"
      disabled={false}
      expanding={false}
      isAuth={false}
      past={false}
      selectBucket={[MockFunction]}
    />
  </div>
  <hr
    className="src-shared-components-challenge-listing-Sidebar-___style__hr___2GEB7"
  />
</div>
`;
