// Jest Snapshot v1, https://goo.gl/fbAQLP

exports[`Matches shallow shapshot 1`] = `
<div
  id="1"
>
  <InlineSVG
    baseURL=""
    cacheGetRequests={false}
    onLoad={[Function]}
    preloader={
      <ThemedLoadingIndicator
        composeAdhocTheme="deeply"
        composeContextTheme="softly"
        mapThemrProps={[Function]}
        themePriority="adhoc-context-default"
      />
    }
    src="https://www.topcoder.com"
    supportTest={[Function]}
    uniquifyIDs={true}
    wrapper={[Function]}
  />
  <img
    alt=""
    src="https://www.topcoder.com"
    style={
      Object {
        "display": "none",
      }
    }
  />
</div>
`;
