// Jest Snapshot v1, https://goo.gl/fbAQLP

exports[`Snapshot match 1`] = `
<Accordion
  defaultSelectedIndex={0}
  theme={
    Object {
      "container": "src-shared-components-tc-communities-Accordion-Accordion-style___container___1-2-BH",
      "content": "src-shared-components-tc-communities-Accordion-Accordion-style___content___2Snc1y",
      "title": "src-shared-components-tc-communities-Accordion-Accordion-style___title___2IiCrv",
      "titleList": "src-shared-components-tc-communities-Accordion-Accordion-style___titleList___22wwbQ",
      "titleListItem": "src-shared-components-tc-communities-Accordion-Accordion-style___titleListItem___2p4cr0",
      "titleListItemSelected": "src-shared-components-tc-communities-Accordion-Accordion-style___titleListItemSelected___HrzS_K",
    }
  }
>
  <ThemedAccordionItem
    composeAdhocTheme="deeply"
    composeContextTheme="softly"
    isOpen={false}
    mapThemrProps={[Function]}
    onTitleClick={[Function]}
    theme={Object {}}
    themePriority="adhoc-context-default"
    title="Test title"
  >
    <div>
      Test content
    </div>
  </ThemedAccordionItem>
</Accordion>
`;
