// Jest Snapshot v1, https://goo.gl/fbAQLP

exports[`Snapshot match 1`] = `
<div
  className="src-shared-components-tc-communities-IconStat-___style__container___145TJ container"
>
  <div />
  <p
    className="src-shared-components-tc-communities-IconStat-___style__number___3GKcu number"
  >
    5
  </p>
  <p
    className="src-shared-components-tc-communities-IconStat-___style__label___3v7Pl label"
  >
    Projects
  </p>
</div>
`;
