// Jest Snapshot v1, https://goo.gl/fbAQLP

exports[`Snapshot match 1`] = `
<div
  className="container src-shared-components-tc-communities-IconStat-style___container"
>
  <div />
  <div
    className={undefined}
  >
    <p
      className="number src-shared-components-tc-communities-IconStat-style___number"
    >
      5
    </p>
    <p
      className="label src-shared-components-tc-communities-IconStat-style___label"
    >
      Projects
    </p>
  </div>
</div>
`;
