// Jest Snapshot v1, https://goo.gl/fbAQLP

exports[`Matches shallow snapshot 1`] = `
<ImageText
  imageSrc="/themes/wipro/home/image-text-learn.jpg"
  link={null}
  text="You can learn and get certified donec facilisis tortor ut augue lacinia"
  theme={
    Object {
      "container": "src-shared-components-tc-communities-ImageText-style___container",
      "content": "src-shared-components-tc-communities-ImageText-style___content",
      "contentInner": "src-shared-components-tc-communities-ImageText-style___contentInner",
      "image": "src-shared-components-tc-communities-ImageText-style___image",
      "imageText": "src-shared-components-tc-communities-ImageText-style___imageText",
      "link": "src-shared-components-tc-communities-ImageText-style___link",
      "linkWrap": "src-shared-components-tc-communities-ImageText-style___linkWrap",
      "text": "src-shared-components-tc-communities-ImageText-style___text",
      "title": "src-shared-components-tc-communities-ImageText-style___title",
    }
  }
  title="Learn"
/>
`;
