// Jest Snapshot v1, https://goo.gl/fbAQLP

exports[`Matches shallow snapshot 1`] = `
<ImageText
  imageSrc="/themes/wipro/home/image-text-learn.jpg"
  link={null}
  text="You can learn and get certified donec facilisis tortor ut augue lacinia"
  theme={
    Object {
      "container": "src-shared-components-tc-communities-ImageText-style___container___sFB20c",
      "content": "src-shared-components-tc-communities-ImageText-style___content___u-VBCd",
      "contentInner": "src-shared-components-tc-communities-ImageText-style___contentInner___3bVcG-",
      "image": "src-shared-components-tc-communities-ImageText-style___image___25fY3u",
      "imageText": "src-shared-components-tc-communities-ImageText-style___imageText___3Yfl8h",
      "link": "src-shared-components-tc-communities-ImageText-style___link___XUXfrv",
      "linkWrap": "src-shared-components-tc-communities-ImageText-style___linkWrap___YjoyB-",
      "text": "src-shared-components-tc-communities-ImageText-style___text___HypPk9",
      "title": "src-shared-components-tc-communities-ImageText-style___title___COlJG2",
    }
  }
  title="Learn"
/>
`;
