// Jest Snapshot v1, https://goo.gl/fbAQLP

exports[`Snapshot match 1`] = `
<ResourceCard
  icon={[Function]}
  link={null}
  text="Donec bibendum nunc sit amet tortor scelerisque luctus et sit amet mauris."
  theme={
    Object {
      "container": "src-shared-components-tc-communities-ResourceCard-___style__container___67Yc0",
      "icon": "src-shared-components-tc-communities-ResourceCard-___style__icon___2OadT",
      "link": "src-shared-components-tc-communities-ResourceCard-___style__link___3qYzF",
      "linkWrap": "src-shared-components-tc-communities-ResourceCard-___style__linkWrap___-q2oj",
      "text": "src-shared-components-tc-communities-ResourceCard-___style__text___3PMiE",
      "title": "src-shared-components-tc-communities-ResourceCard-___style__title___1Ge45",
    }
  }
  title="Take the First Steps to Stand Out in the Community"
/>
`;

exports[`Snapshot match 2`] = `
<ResourceCard
  icon={[Function]}
  link={
    Object {
      "title": "Learn about badges",
      "url": "#",
    }
  }
  text="Donec bibendum nunc sit amet tortor scelerisque luctus et sit amet mauris."
  theme={
    Object {
      "container": "src-shared-components-tc-communities-ResourceCard-___style__container___67Yc0 container",
      "icon": "src-shared-components-tc-communities-ResourceCard-___style__icon___2OadT image",
      "link": "src-shared-components-tc-communities-ResourceCard-___style__link___3qYzF link",
      "linkWrap": "src-shared-components-tc-communities-ResourceCard-___style__linkWrap___-q2oj linkWrap",
      "text": "src-shared-components-tc-communities-ResourceCard-___style__text___3PMiE text",
      "title": "src-shared-components-tc-communities-ResourceCard-___style__title___1Ge45 title",
    }
  }
  title="Take the First Steps to Stand Out in the Community"
/>
`;
