// Jest Snapshot v1, https://goo.gl/fbAQLP

exports[`Matches shallow shapshot 1`] = `
<div
  className="src-shared-components-Dashboard-Program-___styles__programs___19_HM"
>
  <header>
    <h1
      className="src-shared-components-Dashboard-Program-___styles__section-title___6JP40"
    >
      <span>
        iOS
      </span>
       
      Community
    </h1>
  </header>
  <section>
    <div
      className="src-shared-components-Dashboard-Program-___styles__registered___QvoLh"
    >
      <div
        className="src-shared-components-Dashboard-Program-___styles__badge-and-challenges___P0jGl"
      >
        <div
          className="src-shared-components-Dashboard-Program-___styles__registered-badge___2HiDn"
        >
          <div
            className="src-shared-components-Dashboard-Program-___styles__flex-wrapper___39OiM"
          >
            <p>
              iOS Community
            </p>
            <div
              className="src-shared-components-Dashboard-Program-___styles__badge-timeline___2fKtC"
            >
              <MemberIcon
                viewBox="0 0 420.5 480.9"
                xmlns="http://www.w3.org/2000/svg"
              />
            </div>
            <a
              className="tc-btn tc-btn-s tc-btn-ghost tc-btn-wide"
              href="https://ios.topcoder-dev.com"
              title="topcoder iOS Member Program"
            >
              View Challenges
            </a>
          </div>
        </div>
        <div
          className="src-shared-components-Dashboard-Program-___styles__ios-card___36AYp"
        >
          <IosCard
            challenge={
              Object {
                "id": "1",
              }
            }
          />
        </div>
      </div>
    </div>
  </section>
</div>
`;

exports[`Matches shallow shapshot 2`] = `
<div
  className="src-shared-components-Dashboard-Program-___styles__programs___19_HM"
>
  <section>
    <div
      className="src-shared-components-Dashboard-Program-___styles__unregistered___aHpdQ"
    >
      <div
        className="src-shared-components-Dashboard-Program-___styles__empty-state-placeholder___3fGld src-shared-components-Dashboard-Program-___styles__sky___1-ba2"
      >
        <div
          className="src-shared-components-Dashboard-Program-___styles__title___2GLHg"
        >
          iOS Community
        </div>
        <div
          className="src-shared-components-Dashboard-Program-___styles__content___2uYxE"
        />
        <div
          className="src-shared-components-Dashboard-Program-___styles__description___2oLLl"
        >
          Earn iOS topcoder badges and exclusive access to iOS challenges, prizes and special community-related events.
        </div>
        <div
          className="src-shared-components-Dashboard-Program-___styles__help-links___3R22c"
        >
          <div
            className="src-shared-components-Dashboard-Program-___styles__help-link___F1gk4"
          >
            <a
              className="tc-btn tc-btn-s tc-btn-ghost src-shared-components-Dashboard-Program-___styles__tc-btn___2a_PJ"
              onClick={[Function]}
              onKeyPress={[Function]}
              title="Participate"
            >
              Participate
            </a>
          </div>
          <div
            className="src-shared-components-Dashboard-Program-___styles__help-link___F1gk4"
          >
            <a
              className="src-shared-components-Dashboard-Program-___styles__learn-more___1b8Es"
              href="https://ios.topcoder-dev.com"
            >
              Learn More
            </a>
          </div>
        </div>
      </div>
    </div>
  </section>
</div>
`;
